Archive member included to satisfy reference by file (symbol)

c:/st/stm32cubeide_1.5.0/stm32cubeide/plugins/com.st.stm32cube.ide.mcu.externaltools.gnu-tools-for-stm32.7-2018-q2-update.win32_1.5.0.202011040924/tools/bin/../lib/gcc/arm-none-eabi/7.3.1/../../../../arm-none-eabi/lib/thumb/v7-m\libc_nano.a(lib_a-errno.o)
                              Core/Src/syscalls.o (__errno)
c:/st/stm32cubeide_1.5.0/stm32cubeide/plugins/com.st.stm32cube.ide.mcu.externaltools.gnu-tools-for-stm32.7-2018-q2-update.win32_1.5.0.202011040924/tools/bin/../lib/gcc/arm-none-eabi/7.3.1/../../../../arm-none-eabi/lib/thumb/v7-m\libc_nano.a(lib_a-exit.o)
                              c:/st/stm32cubeide_1.5.0/stm32cubeide/plugins/com.st.stm32cube.ide.mcu.externaltools.gnu-tools-for-stm32.7-2018-q2-update.win32_1.5.0.202011040924/tools/bin/../lib/gcc/arm-none-eabi/7.3.1/../../../../arm-none-eabi/lib/thumb/v7-m/crt0.o (exit)
c:/st/stm32cubeide_1.5.0/stm32cubeide/plugins/com.st.stm32cube.ide.mcu.externaltools.gnu-tools-for-stm32.7-2018-q2-update.win32_1.5.0.202011040924/tools/bin/../lib/gcc/arm-none-eabi/7.3.1/../../../../arm-none-eabi/lib/thumb/v7-m\libc_nano.a(lib_a-impure.o)
                              c:/st/stm32cubeide_1.5.0/stm32cubeide/plugins/com.st.stm32cube.ide.mcu.externaltools.gnu-tools-for-stm32.7-2018-q2-update.win32_1.5.0.202011040924/tools/bin/../lib/gcc/arm-none-eabi/7.3.1/../../../../arm-none-eabi/lib/thumb/v7-m\libc_nano.a(lib_a-exit.o) (_global_impure_ptr)
c:/st/stm32cubeide_1.5.0/stm32cubeide/plugins/com.st.stm32cube.ide.mcu.externaltools.gnu-tools-for-stm32.7-2018-q2-update.win32_1.5.0.202011040924/tools/bin/../lib/gcc/arm-none-eabi/7.3.1/../../../../arm-none-eabi/lib/thumb/v7-m\libc_nano.a(lib_a-init.o)
                              c:/st/stm32cubeide_1.5.0/stm32cubeide/plugins/com.st.stm32cube.ide.mcu.externaltools.gnu-tools-for-stm32.7-2018-q2-update.win32_1.5.0.202011040924/tools/bin/../lib/gcc/arm-none-eabi/7.3.1/../../../../arm-none-eabi/lib/thumb/v7-m/crt0.o (__libc_init_array)
c:/st/stm32cubeide_1.5.0/stm32cubeide/plugins/com.st.stm32cube.ide.mcu.externaltools.gnu-tools-for-stm32.7-2018-q2-update.win32_1.5.0.202011040924/tools/bin/../lib/gcc/arm-none-eabi/7.3.1/../../../../arm-none-eabi/lib/thumb/v7-m\libc_nano.a(lib_a-memcpy-stub.o)
                              Core/Src/main.o (memcpy)
c:/st/stm32cubeide_1.5.0/stm32cubeide/plugins/com.st.stm32cube.ide.mcu.externaltools.gnu-tools-for-stm32.7-2018-q2-update.win32_1.5.0.202011040924/tools/bin/../lib/gcc/arm-none-eabi/7.3.1/../../../../arm-none-eabi/lib/thumb/v7-m\libc_nano.a(lib_a-memset.o)
                              c:/st/stm32cubeide_1.5.0/stm32cubeide/plugins/com.st.stm32cube.ide.mcu.externaltools.gnu-tools-for-stm32.7-2018-q2-update.win32_1.5.0.202011040924/tools/bin/../lib/gcc/arm-none-eabi/7.3.1/../../../../arm-none-eabi/lib/thumb/v7-m/crt0.o (memset)

Allocating common symbols
Common symbol       size              file

uwTick              0x4               Drivers/STM32F1xx_HAL_Driver/Src/stm32f1xx_hal.o
pFlash              0x20              Drivers/STM32F1xx_HAL_Driver/Src/stm32f1xx_hal_flash.o

Discarded input sections

 .text          0x0000000000000000        0x0 c:/st/stm32cubeide_1.5.0/stm32cubeide/plugins/com.st.stm32cube.ide.mcu.externaltools.gnu-tools-for-stm32.7-2018-q2-update.win32_1.5.0.202011040924/tools/bin/../lib/gcc/arm-none-eabi/7.3.1/thumb/v7-m/crti.o
 .data          0x0000000000000000        0x0 c:/st/stm32cubeide_1.5.0/stm32cubeide/plugins/com.st.stm32cube.ide.mcu.externaltools.gnu-tools-for-stm32.7-2018-q2-update.win32_1.5.0.202011040924/tools/bin/../lib/gcc/arm-none-eabi/7.3.1/thumb/v7-m/crti.o
 .bss           0x0000000000000000        0x0 c:/st/stm32cubeide_1.5.0/stm32cubeide/plugins/com.st.stm32cube.ide.mcu.externaltools.gnu-tools-for-stm32.7-2018-q2-update.win32_1.5.0.202011040924/tools/bin/../lib/gcc/arm-none-eabi/7.3.1/thumb/v7-m/crti.o
 .data          0x0000000000000000        0x4 c:/st/stm32cubeide_1.5.0/stm32cubeide/plugins/com.st.stm32cube.ide.mcu.externaltools.gnu-tools-for-stm32.7-2018-q2-update.win32_1.5.0.202011040924/tools/bin/../lib/gcc/arm-none-eabi/7.3.1/thumb/v7-m/crtbegin.o
 .text          0x0000000000000000       0x74 c:/st/stm32cubeide_1.5.0/stm32cubeide/plugins/com.st.stm32cube.ide.mcu.externaltools.gnu-tools-for-stm32.7-2018-q2-update.win32_1.5.0.202011040924/tools/bin/../lib/gcc/arm-none-eabi/7.3.1/../../../../arm-none-eabi/lib/thumb/v7-m/crt0.o
 .data          0x0000000000000000        0x0 c:/st/stm32cubeide_1.5.0/stm32cubeide/plugins/com.st.stm32cube.ide.mcu.externaltools.gnu-tools-for-stm32.7-2018-q2-update.win32_1.5.0.202011040924/tools/bin/../lib/gcc/arm-none-eabi/7.3.1/../../../../arm-none-eabi/lib/thumb/v7-m/crt0.o
 .bss           0x0000000000000000        0x0 c:/st/stm32cubeide_1.5.0/stm32cubeide/plugins/com.st.stm32cube.ide.mcu.externaltools.gnu-tools-for-stm32.7-2018-q2-update.win32_1.5.0.202011040924/tools/bin/../lib/gcc/arm-none-eabi/7.3.1/../../../../arm-none-eabi/lib/thumb/v7-m/crt0.o
[...]
Memory Configuration

Name             Origin             Length             Attributes
newram           0x0000000020000000 0x0000000000000400
RAM              0x0000000020000400 0x0000000000004c00 xrw
FLASH            0x0000000008000000 0x0000000000010000 xr
*default*        0x0000000000000000 0xffffffffffffffff

Linker script and memory map

LOAD c:/st/stm32cubeide_1.5.0/stm32cubeide/plugins/com.st.stm32cube.ide.mcu.externaltools.gnu-tools-for-stm32.7-2018-q2-update.win32_1.5.0.202011040924/tools/bin/../lib/gcc/arm-none-eabi/7.3.1/thumb/v7-m/crti.o
LOAD c:/st/stm32cubeide_1.5.0/stm32cubeide/plugins/com.st.stm32cube.ide.mcu.externaltools.gnu-tools-for-stm32.7-2018-q2-update.win32_1.5.0.202011040924/tools/bin/../lib/gcc/arm-none-eabi/7.3.1/thumb/v7-m/crtbegin.o
LOAD c:/st/stm32cubeide_1.5.0/stm32cubeide/plugins/com.st.stm32cube.ide.mcu.externaltools.gnu-tools-for-stm32.7-2018-q2-update.win32_1.5.0.202011040924/tools/bin/../lib/gcc/arm-none-eabi/7.3.1/../../../../arm-none-eabi/lib/thumb/v7-m/crt0.o
LOAD Core/Src/main.o
LOAD Core/Src/stm32f1xx_hal_msp.o
LOAD Core/Src/stm32f1xx_it.o
LOAD Core/Src/syscalls.o
LOAD Core/Src/sysmem.o
LOAD Core/Src/system_stm32f1xx.o
LOAD Core/Startup/startup_stm32f103c8tx.o
LOAD Drivers/STM32F1xx_HAL_Driver/Src/stm32f1xx_hal.o
LOAD Drivers/STM32F1xx_HAL_Driver/Src/stm32f1xx_hal_cortex.o
LOAD Drivers/STM32F1xx_HAL_Driver/Src/stm32f1xx_hal_dma.o
LOAD Drivers/STM32F1xx_HAL_Driver/Src/stm32f1xx_hal_exti.o
LOAD Drivers/STM32F1xx_HAL_Driver/Src/stm32f1xx_hal_flash.o
LOAD Drivers/STM32F1xx_HAL_Driver/Src/stm32f1xx_hal_flash_ex.o
LOAD Drivers/STM32F1xx_HAL_Driver/Src/stm32f1xx_hal_gpio.o
LOAD Drivers/STM32F1xx_HAL_Driver/Src/stm32f1xx_hal_gpio_ex.o
LOAD Drivers/STM32F1xx_HAL_Driver/Src/stm32f1xx_hal_pwr.o
LOAD Drivers/STM32F1xx_HAL_Driver/Src/stm32f1xx_hal_rcc.o
LOAD Drivers/STM32F1xx_HAL_Driver/Src/stm32f1xx_hal_rcc_ex.o
LOAD Drivers/STM32F1xx_HAL_Driver/Src/stm32f1xx_hal_tim.o
LOAD Drivers/STM32F1xx_HAL_Driver/Src/stm32f1xx_hal_tim_ex.o
START GROUP
LOAD c:/st/stm32cubeide_1.5.0/stm32cubeide/plugins/com.st.stm32cube.ide.mcu.externaltools.gnu-tools-for-stm32.7-2018-q2-update.win32_1.5.0.202011040924/tools/bin/../lib/gcc/arm-none-eabi/7.3.1/../../../../arm-none-eabi/lib/thumb/v7-m\libc_nano.a
LOAD c:/st/stm32cubeide_1.5.0/stm32cubeide/plugins/com.st.stm32cube.ide.mcu.externaltools.gnu-tools-for-stm32.7-2018-q2-update.win32_1.5.0.202011040924/tools/bin/../lib/gcc/arm-none-eabi/7.3.1/../../../../arm-none-eabi/lib/thumb/v7-m\libm.a
END GROUP
START GROUP
LOAD c:/st/stm32cubeide_1.5.0/stm32cubeide/plugins/com.st.stm32cube.ide.mcu.externaltools.gnu-tools-for-stm32.7-2018-q2-update.win32_1.5.0.202011040924/tools/bin/../lib/gcc/arm-none-eabi/7.3.1/thumb/v7-m\libgcc.a
LOAD c:/st/stm32cubeide_1.5.0/stm32cubeide/plugins/com.st.stm32cube.ide.mcu.externaltools.gnu-tools-for-stm32.7-2018-q2-update.win32_1.5.0.202011040924/tools/bin/../lib/gcc/arm-none-eabi/7.3.1/../../../../arm-none-eabi/lib/thumb/v7-m\libc_nano.a
END GROUP
START GROUP
LOAD c:/st/stm32cubeide_1.5.0/stm32cubeide/plugins/com.st.stm32cube.ide.mcu.externaltools.gnu-tools-for-stm32.7-2018-q2-update.win32_1.5.0.202011040924/tools/bin/../lib/gcc/arm-none-eabi/7.3.1/thumb/v7-m\libgcc.a
LOAD c:/st/stm32cubeide_1.5.0/stm32cubeide/plugins/com.st.stm32cube.ide.mcu.externaltools.gnu-tools-for-stm32.7-2018-q2-update.win32_1.5.0.202011040924/tools/bin/../lib/gcc/arm-none-eabi/7.3.1/../../../../arm-none-eabi/lib/thumb/v7-m\libc_nano.a
LOAD c:/st/stm32cubeide_1.5.0/stm32cubeide/plugins/com.st.stm32cube.ide.mcu.externaltools.gnu-tools-for-stm32.7-2018-q2-update.win32_1.5.0.202011040924/tools/bin/../lib/gcc/arm-none-eabi/7.3.1/../../../../arm-none-eabi/lib/thumb/v7-m\libnosys.a
END GROUP
START GROUP
LOAD c:/st/stm32cubeide_1.5.0/stm32cubeide/plugins/com.st.stm32cube.ide.mcu.externaltools.gnu-tools-for-stm32.7-2018-q2-update.win32_1.5.0.202011040924/tools/bin/../lib/gcc/arm-none-eabi/7.3.1/thumb/v7-m\libgcc.a
LOAD c:/st/stm32cubeide_1.5.0/stm32cubeide/plugins/com.st.stm32cube.ide.mcu.externaltools.gnu-tools-for-stm32.7-2018-q2-update.win32_1.5.0.202011040924/tools/bin/../lib/gcc/arm-none-eabi/7.3.1/../../../../arm-none-eabi/lib/thumb/v7-m\libc_nano.a
LOAD c:/st/stm32cubeide_1.5.0/stm32cubeide/plugins/com.st.stm32cube.ide.mcu.externaltools.gnu-tools-for-stm32.7-2018-q2-update.win32_1.5.0.202011040924/tools/bin/../lib/gcc/arm-none-eabi/7.3.1/../../../../arm-none-eabi/lib/thumb/v7-m\libnosys.a
END GROUP
LOAD c:/st/stm32cubeide_1.5.0/stm32cubeide/plugins/com.st.stm32cube.ide.mcu.externaltools.gnu-tools-for-stm32.7-2018-q2-update.win32_1.5.0.202011040924/tools/bin/../lib/gcc/arm-none-eabi/7.3.1/thumb/v7-m/crtend.o
LOAD c:/st/stm32cubeide_1.5.0/stm32cubeide/plugins/com.st.stm32cube.ide.mcu.externaltools.gnu-tools-for-stm32.7-2018-q2-update.win32_1.5.0.202011040924/tools/bin/../lib/gcc/arm-none-eabi/7.3.1/thumb/v7-m/crtn.o
                0x0000000020005000                _estack = (ORIGIN (RAM) + LENGTH (RAM))
                0x0000000000000200                _Min_Heap_Size = 0x200
                0x0000000000000400                _Min_Stack_Size = 0x400

.isr_vector     0x0000000008000000      0x10c
                0x0000000008000000                . = ALIGN (0x4)
 *(.isr_vector)
 .isr_vector    0x0000000008000000      0x10c Core/Startup/startup_stm32f103c8tx.o
                0x0000000008000000                g_pfnVectors
                0x000000000800010c                . = ALIGN (0x4)

.text           0x0000000008000110      0x3f0
                0x0000000008000110                . = ALIGN (0x4)
 *(.text)
 .text          0x0000000008000110       0x40 c:/st/stm32cubeide_1.5.0/stm32cubeide/plugins/com.st.stm32cube.ide.mcu.externaltools.gnu-tools-for-stm32.7-2018-q2-update.win32_1.5.0.202011040924/tools/bin/../lib/gcc/arm-none-eabi/7.3.1/thumb/v7-m/crtbegin.o
 *(.text*)
 .text.EXTI15_10_IRQHandler
                0x0000000008000150       0x60 Core/Src/main.o
                0x0000000008000150                EXTI15_10_IRQHandler
 .text.main     0x00000000080001b0       0x26 Core/Src/main.o
                0x00000000080001b0                main
 *fill*         0x00000000080001d6        0x2 
 .text.MY_RCC_CLOCK_INIT
                0x00000000080001d8       0x64 Core/Src/main.o
                0x00000000080001d8                MY_RCC_CLOCK_INIT
 .text.MY_GPIO_USART1_INIT
                0x000000000800023c       0x30 Core/Src/main.o
                0x000000000800023c                MY_GPIO_USART1_INIT
 .text.MY_USART1_INIT
                0x000000000800026c       0x54 Core/Src/main.o
                0x000000000800026c                MY_USART1_INIT
 .text.MY_DMA_INIT
                0x00000000080002c0       0x64 Core/Src/main.o
                0x00000000080002c0                MY_DMA_INIT
 .text.MY_EFROM_INIT
                0x0000000008000324       0x2c Core/Src/main.o
                0x0000000008000324                MY_EFROM_INIT
 .text.MY_INTERRUPT_NVIC_INIT
                0x0000000008000350       0x54 Core/Src/main.o
                0x0000000008000350                MY_INTERRUPT_NVIC_INIT
 .text.MY_GPIO_INTERRUPT_INIT
                0x00000000080003a4       0x58 Core/Src/main.o
                0x00000000080003a4                MY_GPIO_INTERRUPT_INIT
 .text.SystemInit
                0x00000000080003fc        0xc Core/Src/system_stm32f1xx.o
                0x00000000080003fc                SystemInit
 .text.Reset_Handler
                0x0000000008000408       0x48 Core/Startup/startup_stm32f103c8tx.o
                0x0000000008000408                Reset_Handler
 .text.Default_Handler
                0x0000000008000450        0x2 Core/Startup/startup_stm32f103c8tx.o
                0x0000000008000450                RTC_Alarm_IRQHandler
                0x0000000008000450                EXTI2_IRQHandler
                0x0000000008000450                TIM1_CC_IRQHandler
                0x0000000008000450                PVD_IRQHandler
                0x0000000008000450                EXTI3_IRQHandler
                0x0000000008000450                EXTI0_IRQHandler
                0x0000000008000450                I2C2_EV_IRQHandler
                0x0000000008000450                ADC1_2_IRQHandler
                0x0000000008000450                SPI1_IRQHandler
                0x0000000008000450                TAMPER_IRQHandler
                0x0000000008000450                DMA1_Channel4_IRQHandler
                0x0000000008000450                USART3_IRQHandler
                0x0000000008000450                RTC_IRQHandler
                0x0000000008000450                DMA1_Channel7_IRQHandler
                0x0000000008000450                CAN1_RX1_IRQHandler
                0x0000000008000450                TIM4_IRQHandler
                0x0000000008000450                I2C1_EV_IRQHandler
                0x0000000008000450                DMA1_Channel6_IRQHandler
                0x0000000008000450                TIM3_IRQHandler
                0x0000000008000450                RCC_IRQHandler
                0x0000000008000450                TIM1_TRG_COM_IRQHandler
                0x0000000008000450                DMA1_Channel1_IRQHandler
                0x0000000008000450                Default_Handler
                0x0000000008000450                EXTI9_5_IRQHandler
                0x0000000008000450                SPI2_IRQHandler
                0x0000000008000450                DMA1_Channel5_IRQHandler
                0x0000000008000450                EXTI4_IRQHandler
                0x0000000008000450                USB_LP_CAN1_RX0_IRQHandler
                0x0000000008000450                USB_HP_CAN1_TX_IRQHandler
                0x0000000008000450                DMA1_Channel3_IRQHandler
                0x0000000008000450                TIM1_UP_IRQHandler
                0x0000000008000450                WWDG_IRQHandler
                0x0000000008000450                TIM2_IRQHandler
                0x0000000008000450                TIM1_BRK_IRQHandler
                0x0000000008000450                EXTI1_IRQHandler
                0x0000000008000450                USART2_IRQHandler
                0x0000000008000450                I2C2_ER_IRQHandler
                0x0000000008000450                DMA1_Channel2_IRQHandler
                0x0000000008000450                CAN1_SCE_IRQHandler
                0x0000000008000450                FLASH_IRQHandler
                0x0000000008000450                USART1_IRQHandler
                0x0000000008000450                I2C1_ER_IRQHandler
                0x0000000008000450                USBWakeUp_IRQHandler
 *fill*         0x0000000008000452        0x2 
 .text.HAL_IncTick
                0x0000000008000454       0x24 Drivers/STM32F1xx_HAL_Driver/Src/stm32f1xx_hal.o
                0x0000000008000454                HAL_IncTick
 .text.__libc_init_array
                0x0000000008000478       0x48 c:/st/stm32cubeide_1.5.0/stm32cubeide/plugins/com.st.stm32cube.ide.mcu.externaltools.gnu-tools-for-stm32.7-2018-q2-update.win32_1.5.0.202011040924/tools/bin/../lib/gcc/arm-none-eabi/7.3.1/../../../../arm-none-eabi/lib/thumb/v7-m\libc_nano.a(lib_a-init.o)
                0x0000000008000478                __libc_init_array
 .text.memcpy   0x00000000080004c0       0x16 c:/st/stm32cubeide_1.5.0/stm32cubeide/plugins/com.st.stm32cube.ide.mcu.externaltools.gnu-tools-for-stm32.7-2018-q2-update.win32_1.5.0.202011040924/tools/bin/../lib/gcc/arm-none-eabi/7.3.1/../../../../arm-none-eabi/lib/thumb/v7-m\libc_nano.a(lib_a-memcpy-stub.o)
                0x00000000080004c0                memcpy
 *(.glue_7)
 .glue_7        0x00000000080004d6        0x0 linker stubs
 *(.glue_7t)
 .glue_7t       0x00000000080004d6        0x0 linker stubs
 *(.eh_frame)
 *fill*         0x00000000080004d6        0x2 
 .eh_frame      0x00000000080004d8        0x0 c:/st/stm32cubeide_1.5.0/stm32cubeide/plugins/com.st.stm32cube.ide.mcu.externaltools.gnu-tools-for-stm32.7-2018-q2-update.win32_1.5.0.202011040924/tools/bin/../lib/gcc/arm-none-eabi/7.3.1/thumb/v7-m/crtbegin.o
 *(.init)
 .init          0x00000000080004d8        0x4 c:/st/stm32cubeide_1.5.0/stm32cubeide/plugins/com.st.stm32cube.ide.mcu.externaltools.gnu-tools-for-stm32.7-2018-q2-update.win32_1.5.0.202011040924/tools/bin/../lib/gcc/arm-none-eabi/7.3.1/thumb/v7-m/crti.o
                0x00000000080004d8                _init
 .init          0x00000000080004dc        0x8 c:/st/stm32cubeide_1.5.0/stm32cubeide/plugins/com.st.stm32cube.ide.mcu.externaltools.gnu-tools-for-stm32.7-2018-q2-update.win32_1.5.0.202011040924/tools/bin/../lib/gcc/arm-none-eabi/7.3.1/thumb/v7-m/crtn.o
 *(.fini)
 .fini          0x00000000080004e4        0x4 c:/st/stm32cubeide_1.5.0/stm32cubeide/plugins/com.st.stm32cube.ide.mcu.externaltools.gnu-tools-for-stm32.7-2018-q2-update.win32_1.5.0.202011040924/tools/bin/../lib/gcc/arm-none-eabi/7.3.1/thumb/v7-m/crti.o
                0x00000000080004e4                _fini
 .fini          0x00000000080004e8        0x8 c:/st/stm32cubeide_1.5.0/stm32cubeide/plugins/com.st.stm32cube.ide.mcu.externaltools.gnu-tools-for-stm32.7-2018-q2-update.win32_1.5.0.202011040924/tools/bin/../lib/gcc/arm-none-eabi/7.3.1/thumb/v7-m/crtn.o
 .fini.__stub   0x00000000080004f0       0x10 linker stubs
                0x0000000008000500                . = ALIGN (0x4)
                0x0000000008000500                _etext = .

.vfp11_veneer   0x0000000008000500        0x0
 .vfp11_veneer  0x0000000008000500        0x0 linker stubs

.v4_bx          0x0000000008000500        0x0
 .v4_bx         0x0000000008000500        0x0 linker stubs

.iplt           0x0000000008000500        0x0
 .iplt          0x0000000008000500        0x0 c:/st/stm32cubeide_1.5.0/stm32cubeide/plugins/com.st.stm32cube.ide.mcu.externaltools.gnu-tools-for-stm32.7-2018-q2-update.win32_1.5.0.202011040924/tools/bin/../lib/gcc/arm-none-eabi/7.3.1/thumb/v7-m/crtbegin.o

.rel.dyn        0x0000000008000500        0x0
 .rel.iplt      0x0000000008000500        0x0 c:/st/stm32cubeide_1.5.0/stm32cubeide/plugins/com.st.stm32cube.ide.mcu.externaltools.gnu-tools-for-stm32.7-2018-q2-update.win32_1.5.0.202011040924/tools/bin/../lib/gcc/arm-none-eabi/7.3.1/thumb/v7-m/crtbegin.o

.rodata         0x0000000008000500        0x0
                0x0000000008000500                . = ALIGN (0x4)
 *(.rodata)
 *(.rodata*)
                0x0000000008000500                . = ALIGN (0x4)

.ARM.extab      0x0000000008000500        0x0
                0x0000000008000500                . = ALIGN (0x4)
 *(.ARM.extab* .gnu.linkonce.armextab.*)
                0x0000000008000500                . = ALIGN (0x4)

.ARM            0x0000000008000500        0x0
                0x0000000008000500                . = ALIGN (0x4)
                0x0000000008000500                __exidx_start = .
 *(.ARM.exidx*)
                0x0000000008000500                __exidx_end = .
                0x0000000008000500                . = ALIGN (0x4)

.preinit_array  0x0000000008000500        0x0
                0x0000000008000500                . = ALIGN (0x4)
                0x0000000008000500                PROVIDE (__preinit_array_start = .)
 *(.preinit_array*)
                0x0000000008000500                PROVIDE (__preinit_array_end = .)
                0x0000000008000500                . = ALIGN (0x4)

.init_array     0x0000000008000500        0x4
                0x0000000008000500                . = ALIGN (0x4)
                0x0000000008000500                PROVIDE (__init_array_start = .)
 *(SORT_BY_NAME(.init_array.*))
 *(.init_array*)
 .init_array    0x0000000008000500        0x4 c:/st/stm32cubeide_1.5.0/stm32cubeide/plugins/com.st.stm32cube.ide.mcu.externaltools.gnu-tools-for-stm32.7-2018-q2-update.win32_1.5.0.202011040924/tools/bin/../lib/gcc/arm-none-eabi/7.3.1/thumb/v7-m/crtbegin.o
                0x0000000008000504                PROVIDE (__init_array_end = .)
                0x0000000008000504                . = ALIGN (0x4)

.fini_array     0x0000000008000504        0x4
                0x0000000008000504                . = ALIGN (0x4)
                [!provide]                        PROVIDE (__fini_array_start = .)
 *(SORT_BY_NAME(.fini_array.*))
 *(.fini_array*)
 .fini_array    0x0000000008000504        0x4 c:/st/stm32cubeide_1.5.0/stm32cubeide/plugins/com.st.stm32cube.ide.mcu.externaltools.gnu-tools-for-stm32.7-2018-q2-update.win32_1.5.0.202011040924/tools/bin/../lib/gcc/arm-none-eabi/7.3.1/thumb/v7-m/crtbegin.o
                [!provide]                        PROVIDE (__fini_array_end = .)
                0x0000000008000508                . = ALIGN (0x4)
                0x0000000008000508                _sidata = LOADADDR (.data)

.data           0x0000000020000400      0x1dc load address 0x0000000008000508
                0x0000000020000400                . = ALIGN (0x4)
                0x0000000020000400                _sdata = .
 *(.run_in_ram)
 .run_in_ram    0x0000000020000400      0x178 Core/Src/main.o
                0x0000000020000400                MY_COPY_NVIC
                0x0000000020000430                MY_Flash_Erase
                0x00000000200004d8                MY_Flash_Write
                0x0000000020000520                MY_UPDATE
 .run_in_ram    0x0000000020000578       0x4e Core/Src/stm32f1xx_it.o
                0x0000000020000578                NMI_Handler
                0x000000002000057e                HardFault_Handler
                0x0000000020000584                MemManage_Handler
                0x000000002000058a                BusFault_Handler
                0x0000000020000590                UsageFault_Handler
                0x0000000020000596                SVC_Handler
                0x00000000200005a2                DebugMon_Handler
                0x00000000200005ae                PendSV_Handler
                0x00000000200005ba                SysTick_Handler
 *fill*         0x00000000200005c6        0x2 
 .run_in_ram.__stub
                0x00000000200005c8       0x10 linker stubs
 *(.data)
 *(.data*)
 .data.uwTickFreq
                0x00000000200005d8        0x1 Drivers/STM32F1xx_HAL_Driver/Src/stm32f1xx_hal.o
                0x00000000200005d8                uwTickFreq
 *(.RamFunc)
 *(.RamFunc*)
                0x00000000200005dc                . = ALIGN (0x4)
 *fill*         0x00000000200005d9        0x3 
                0x00000000200005dc                _edata = .

.igot.plt       0x00000000200005dc        0x0 load address 0x00000000080006e4
 .igot.plt      0x00000000200005dc        0x0 c:/st/stm32cubeide_1.5.0/stm32cubeide/plugins/com.st.stm32cube.ide.mcu.externaltools.gnu-tools-for-stm32.7-2018-q2-update.win32_1.5.0.202011040924/tools/bin/../lib/gcc/arm-none-eabi/7.3.1/thumb/v7-m/crtbegin.o
                0x00000000200005dc                . = ALIGN (0x4)

.bss            0x00000000200005dc     0x1424 load address 0x00000000080006e4
                0x00000000200005dc                _sbss = .
                0x00000000200005dc                __bss_start__ = _sbss
 *(.bss)
 .bss           0x00000000200005dc       0x1c c:/st/stm32cubeide_1.5.0/stm32cubeide/plugins/com.st.stm32cube.ide.mcu.externaltools.gnu-tools-for-stm32.7-2018-q2-update.win32_1.5.0.202011040924/tools/bin/../lib/gcc/arm-none-eabi/7.3.1/thumb/v7-m/crtbegin.o
 *(.bss*)
 .bss.condition_update
                0x00000000200005f8        0x1 Core/Src/main.o
                0x00000000200005f8                condition_update
 *fill*         0x00000000200005f9        0x3 
 .bss.buffer    0x00000000200005fc     0x1400 Core/Src/main.o
                0x00000000200005fc                buffer
 *(COMMON)
 COMMON         0x00000000200019fc        0x4 Drivers/STM32F1xx_HAL_Driver/Src/stm32f1xx_hal.o
                0x00000000200019fc                uwTick
                0x0000000020001a00                . = ALIGN (0x4)
                0x0000000020001a00                _ebss = .
                0x0000000020001a00                __bss_end__ = _ebss

._user_heap_stack
                0x0000000020001a00      0x600 load address 0x00000000080006e4
                0x0000000020001a00                . = ALIGN (0x8)
 *fill*         0x0000000020001a00        0x0 
                [!provide]                        PROVIDE (end = .)
                0x0000000020001a00                PROVIDE (_end = .)
                0x0000000020001c00                . = (. + _Min_Heap_Size)
 *fill*         0x0000000020001a00      0x200 
                0x0000000020002000                . = (. + _Min_Stack_Size)
 *fill*         0x0000000020001c00      0x400 
                0x0000000020002000                . = ALIGN (0x8)

/DISCARD/
 libc.a(*)
 libm.a(*)
 libgcc.a(*)

.ARM.attributes
                0x0000000000000000       0x29
 *(.ARM.attributes)
 .ARM.attributes
                0x0000000000000000       0x1d c:/st/stm32cubeide_1.5.0/stm32cubeide/plugins/com.st.stm32cube.ide.mcu.externaltools.gnu-tools-for-stm32.7-2018-q2-update.win32_1.5.0.202011040924/tools/bin/../lib/gcc/arm-none-eabi/7.3.1/thumb/v7-m/crti.o
 .ARM.attributes
                0x000000000000001d       0x2d c:/st/stm32cubeide_1.5.0/stm32cubeide/plugins/com.st.stm32cube.ide.mcu.externaltools.gnu-tools-for-stm32.7-2018-q2-update.win32_1.5.0.202011040924/tools/bin/../lib/gcc/arm-none-eabi/7.3.1/thumb/v7-m/crtbegin.o
 .ARM.attributes
                0x000000000000004a       0x33 Core/Src/main.o
 .ARM.attributes
                0x000000000000007d       0x33 Core/Src/stm32f1xx_it.o
 .ARM.attributes
                0x00000000000000b0       0x33 Core/Src/system_stm32f1xx.o
 .ARM.attributes
                0x00000000000000e3       0x21 Core/Startup/startup_stm32f103c8tx.o
 .ARM.attributes
                0x0000000000000104       0x33 Drivers/STM32F1xx_HAL_Driver/Src/stm32f1xx_hal.o
 .ARM.attributes
                0x0000000000000137       0x2d c:/st/stm32cubeide_1.5.0/stm32cubeide/plugins/com.st.stm32cube.ide.mcu.externaltools.gnu-tools-for-stm32.7-2018-q2-update.win32_1.5.0.202011040924/tools/bin/../lib/gcc/arm-none-eabi/7.3.1/../../../../arm-none-eabi/lib/thumb/v7-m\libc_nano.a(lib_a-init.o)
 .ARM.attributes
                0x0000000000000164       0x2d c:/st/stm32cubeide_1.5.0/stm32cubeide/plugins/com.st.stm32cube.ide.mcu.externaltools.gnu-tools-for-stm32.7-2018-q2-update.win32_1.5.0.202011040924/tools/bin/../lib/gcc/arm-none-eabi/7.3.1/../../../../arm-none-eabi/lib/thumb/v7-m\libc_nano.a(lib_a-memcpy-stub.o)
 .ARM.attributes
                0x0000000000000191       0x1d c:/st/stm32cubeide_1.5.0/stm32cubeide/plugins/com.st.stm32cube.ide.mcu.externaltools.gnu-tools-for-stm32.7-2018-q2-update.win32_1.5.0.202011040924/tools/bin/../lib/gcc/arm-none-eabi/7.3.1/thumb/v7-m/crtn.o
OUTPUT(my_final_project_imic.elf elf32-littlearm)

.debug_info     0x0000000000000000     0x1822
 .debug_info    0x0000000000000000      0xc48 Core/Src/main.o
 .debug_info    0x0000000000000c48      0x20a Core/Src/stm32f1xx_it.o
 .debug_info    0x0000000000000e52      0x29a Core/Src/system_stm32f1xx.o
 .debug_info    0x00000000000010ec       0x22 Core/Startup/startup_stm32f103c8tx.o
 .debug_info    0x000000000000110e      0x714 Drivers/STM32F1xx_HAL_Driver/Src/stm32f1xx_hal.o

.debug_abbrev   0x0000000000000000      0x5ed
 .debug_abbrev  0x0000000000000000      0x21a Core/Src/main.o
 .debug_abbrev  0x000000000000021a       0xc6 Core/Src/stm32f1xx_it.o
 .debug_abbrev  0x00000000000002e0      0x134 Core/Src/system_stm32f1xx.o
 .debug_abbrev  0x0000000000000414       0x12 Core/Startup/startup_stm32f103c8tx.o
 .debug_abbrev  0x0000000000000426      0x1c7 Drivers/STM32F1xx_HAL_Driver/Src/stm32f1xx_hal.o

.debug_aranges  0x0000000000000000      0x210
 .debug_aranges
                0x0000000000000000       0x80 Core/Src/main.o
 .debug_aranges
                0x0000000000000080       0x60 Core/Src/stm32f1xx_it.o
 .debug_aranges
                0x00000000000000e0       0x28 Core/Src/system_stm32f1xx.o
 .debug_aranges
                0x0000000000000108       0x28 Core/Startup/startup_stm32f103c8tx.o
 .debug_aranges
                0x0000000000000130       0xe0 Drivers/STM32F1xx_HAL_Driver/Src/stm32f1xx_hal.o

.debug_ranges   0x0000000000000000      0x1c8
 .debug_ranges  0x0000000000000000       0x70 Core/Src/main.o
 .debug_ranges  0x0000000000000070       0x50 Core/Src/stm32f1xx_it.o
 .debug_ranges  0x00000000000000c0       0x18 Core/Src/system_stm32f1xx.o
 .debug_ranges  0x00000000000000d8       0x20 Core/Startup/startup_stm32f103c8tx.o
 .debug_ranges  0x00000000000000f8       0xd0 Drivers/STM32F1xx_HAL_Driver/Src/stm32f1xx_hal.o

.debug_macro    0x0000000000000000     0x1cce
 .debug_macro   0x0000000000000000      0x129 Core/Src/main.o
 .debug_macro   0x0000000000000129      0xa5a Core/Src/main.o
 .debug_macro   0x0000000000000b83       0x22 Core/Src/main.o
 .debug_macro   0x0000000000000ba5       0x8e Core/Src/main.o
 .debug_macro   0x0000000000000c33       0x51 Core/Src/main.o
 .debug_macro   0x0000000000000c84       0xef Core/Src/main.o
 .debug_macro   0x0000000000000d73       0x6a Core/Src/main.o
 .debug_macro   0x0000000000000ddd      0x1df Core/Src/main.o
 .debug_macro   0x0000000000000fbc       0x46 Core/Src/main.o
 .debug_macro   0x0000000000001002       0x18 Core/Src/main.o
 .debug_macro   0x000000000000101a       0x3c Core/Src/main.o
 .debug_macro   0x0000000000001056       0x34 Core/Src/main.o
 .debug_macro   0x000000000000108a      0x174 Core/Src/main.o
 .debug_macro   0x00000000000011fe       0x52 Core/Src/main.o
 .debug_macro   0x0000000000001250       0x1f Core/Src/main.o
 .debug_macro   0x000000000000126f       0x43 Core/Src/main.o
 .debug_macro   0x00000000000012b2       0x20 Core/Src/main.o
 .debug_macro   0x00000000000012d2      0x1a3 Core/Src/main.o
 .debug_macro   0x0000000000001475      0x330 Core/Src/main.o
 .debug_macro   0x00000000000017a5       0x10 Core/Src/main.o
 .debug_macro   0x00000000000017b5       0x35 Core/Src/main.o
 .debug_macro   0x00000000000017ea       0x20 Core/Src/main.o
 .debug_macro   0x000000000000180a      0x198 Core/Src/stm32f1xx_it.o
 .debug_macro   0x00000000000019a2      0x184 Core/Src/system_stm32f1xx.o
 .debug_macro   0x0000000000001b26      0x1a8 Drivers/STM32F1xx_HAL_Driver/Src/stm32f1xx_hal.o

.debug_line     0x0000000000000000     0x1b4d
 .debug_line    0x0000000000000000      0x602 Core/Src/main.o
 .debug_line    0x0000000000000602      0x668 Core/Src/stm32f1xx_it.o
 .debug_line    0x0000000000000c6a      0x656 Core/Src/system_stm32f1xx.o
 .debug_line    0x00000000000012c0       0x84 Core/Startup/startup_stm32f103c8tx.o
 .debug_line    0x0000000000001344      0x809 Drivers/STM32F1xx_HAL_Driver/Src/stm32f1xx_hal.o

.debug_str      0x0000000000000000    0x7dbb8
 .debug_str     0x0000000000000000     0x6e9a Core/Src/main.o
                                       0x70f8 (size before relaxing)
 .debug_str     0x0000000000006e9a    0x766ca Core/Src/stm32f1xx_it.o
                                      0x7a73c (size before relaxing)
 .debug_str     0x000000000007d564       0x7d Core/Src/system_stm32f1xx.o
                                      0x7a70c (size before relaxing)
 .debug_str     0x000000000007d5e1       0x36 Core/Startup/startup_stm32f103c8tx.o
                                         0x73 (size before relaxing)
 .debug_str     0x000000000007d617      0x5a1 Drivers/STM32F1xx_HAL_Driver/Src/stm32f1xx_hal.o
                                      0x7ad9d (size before relaxing)

.comment        0x0000000000000000       0x7b
 .comment       0x0000000000000000       0x7b Core/Src/main.o
                                         0x7c (size before relaxing)
 .comment       0x000000000000007b       0x7c Core/Src/stm32f1xx_it.o
 .comment       0x000000000000007b       0x7c Core/Src/system_stm32f1xx.o
 .comment       0x000000000000007b       0x7c Drivers/STM32F1xx_HAL_Driver/Src/stm32f1xx_hal.o

.debug_frame    0x0000000000000000      0x6e4
 .debug_frame   0x0000000000000000      0x200 Core/Src/main.o
 .debug_frame   0x0000000000000200      0x104 Core/Src/stm32f1xx_it.o
 .debug_frame   0x0000000000000304       0x58 Core/Src/system_stm32f1xx.o
 .debug_frame   0x000000000000035c      0x334 Drivers/STM32F1xx_HAL_Driver/Src/stm32f1xx_hal.o
 .debug_frame   0x0000000000000690       0x2c c:/st/stm32cubeide_1.5.0/stm32cubeide/plugins/com.st.stm32cube.ide.mcu.externaltools.gnu-tools-for-stm32.7-2018-q2-update.win32_1.5.0.202011040924/tools/bin/../lib/gcc/arm-none-eabi/7.3.1/../../../../arm-none-eabi/lib/thumb/v7-m\libc_nano.a(lib_a-init.o)
 .debug_frame   0x00000000000006bc       0x28 c:/st/stm32cubeide_1.5.0/stm32cubeide/plugins/com.st.stm32cube.ide.mcu.externaltools.gnu-tools-for-stm32.7-2018-q2-update.win32_1.5.0.202011040924/tools/bin/../lib/gcc/arm-none-eabi/7.3.1/../../../../arm-none-eabi/lib/thumb/v7-m\libc_nano.a(lib_a-memcpy-stub.o)
