22:37:15 **** Incremental Build of configuration Debug for project homeword_interrupt ****
make -j8 all 
arm-none-eabi-gcc "../Core/Src/main.c" -mcpu=cortex-m3 -std=gnu11 -g3 -DUSE_HAL_DRIVER -DSTM32F103xB -DDEBUG -c -I../Core/Inc -I../Drivers/STM32F1xx_HAL_Driver/Inc -I../Drivers/STM32F1xx_HAL_Driver/Inc/Legacy -I../Drivers/CMSIS/Device/ST/STM32F1xx/Include -I../Drivers/CMSIS/Include -O0 -ffunction-sections -fdata-sections -Wall -fstack-usage -MMD -MP -MF"Core/Src/main.d" -MT"Core/Src/main.o" --specs=nano.specs -mfloat-abi=soft -mthumb -o "Core/Src/main.o"
../Core/Src/main.c: In function 'EXTI15_10_IRQHandler':
../Core/Src/main.c:75:19: warning: initialization makes pointer from integer without a cast [-Wint-conversion]
  GPIO_t *PORTB0 = 0x40010C00;
                   ^~~~~~~~~~
../Core/Src/main.c: In function 'main':
../Core/Src/main.c:116:20: warning: initialization makes pointer from integer without a cast [-Wint-conversion]
  GPIO_t *PORTA11 = 0x40010800;
                    ^~~~~~~~~~
../Core/Src/main.c:122:19: warning: initialization makes pointer from integer without a cast [-Wint-conversion]
  GPIO_t *PORTB0 = 0x40010C00;
                   ^~~~~~~~~~
../Core/Src/main.c:129:27: warning: initialization makes pointer from integer without a cast [-Wint-conversion]
  uint32_t *AFIO_EXTICR3 = 0x40010010;
                           ^~~~~~~~~~
../Core/Src/main.c:132:30: warning: initialization makes pointer from integer without a cast [-Wint-conversion]
  EXTI_t *PORTA11_interrupt = 0x40010400;
                              ^~~~~~~~~~
../Core/Src/main.c:150:3: error: expected expression before '/' token
  */
   ^
make: *** [Core/Src/subdir.mk:33: Core/Src/main.o] Error 1
"make -j8 all" terminated with exit code 2. Build might be incomplete.
22:37:33 **** Incremental Build of configuration Debug for project homeword_interrupt ****
make -j8 all 
arm-none-eabi-gcc "../Core/Src/main.c" -mcpu=cortex-m3 -std=gnu11 -g3 -DUSE_HAL_DRIVER -DSTM32F103xB -DDEBUG -c -I../Core/Inc -I../Drivers/STM32F1xx_HAL_Driver/Inc -I../Drivers/STM32F1xx_HAL_Driver/Inc/Legacy -I../Drivers/CMSIS/Device/ST/STM32F1xx/Include -I../Drivers/CMSIS/Include -O0 -ffunction-sections -fdata-sections -Wall -fstack-usage -MMD -MP -MF"Core/Src/main.d" -MT"Core/Src/main.o" --specs=nano.specs -mfloat-abi=soft -mthumb -o "Core/Src/main.o"
../Core/Src/main.c: In function 'EXTI15_10_IRQHandler':
../Core/Src/main.c:75:19: warning: initialization makes pointer from integer without a cast [-Wint-conversion]
  GPIO_t *PORTB0 = 0x40010C00;
                   ^~~~~~~~~~
../Core/Src/main.c: In function 'main':
../Core/Src/main.c:116:20: warning: initialization makes pointer from integer without a cast [-Wint-conversion]
  GPIO_t *PORTA11 = 0x40010800;
                    ^~~~~~~~~~
../Core/Src/main.c:122:19: warning: initialization makes pointer from integer without a cast [-Wint-conversion]
  GPIO_t *PORTB0 = 0x40010C00;
                   ^~~~~~~~~~
../Core/Src/main.c:129:27: warning: initialization makes pointer from integer without a cast [-Wint-conversion]
  uint32_t *AFIO_EXTICR3 = 0x40010010;
                           ^~~~~~~~~~
../Core/Src/main.c:132:30: warning: initialization makes pointer from integer without a cast [-Wint-conversion]
  EXTI_t *PORTA11_interrupt = 0x40010400;
                              ^~~~~~~~~~
arm-none-eabi-gcc -o "homeword_interrupt.elf" @"objects.list"   -mcpu=cortex-m3 -T"C:\Users\ZBOOK\Documents\cubeide\homeword_interrupt\STM32F103C8TX_FLASH.ld" --specs=nosys.specs -Wl,-Map="homeword_interrupt.map" -Wl,--gc-sections -static --specs=nano.specs -mfloat-abi=soft -mthumb -Wl,--start-group -lc -lm -Wl,--end-group
Finished building target: homeword_interrupt.elf
 
arm-none-eabi-objdump -h -S  homeword_interrupt.elf  > "homeword_interrupt.list"
arm-none-eabi-objcopy  -O binary  homeword_interrupt.elf  "homeword_interrupt.bin"
arm-none-eabi-size   homeword_interrupt.elf 
   text	   data	    bss	    dec	    hex	filename
   3972	     20	   1572	   5564	   15bc	homeword_interrupt.elf
Finished building: default.size.stdout
 
Finished building: homeword_interrupt.bin
Finished building: homeword_interrupt.list
 
 
22:39:08 **** Incremental Build of configuration Debug for project homeword_interrupt ****
make -j8 all 
arm-none-eabi-gcc "../Core/Src/main.c" -mcpu=cortex-m3 -std=gnu11 -g3 -DUSE_HAL_DRIVER -DSTM32F103xB -DDEBUG -c -I../Core/Inc -I../Drivers/STM32F1xx_HAL_Driver/Inc -I../Drivers/STM32F1xx_HAL_Driver/Inc/Legacy -I../Drivers/CMSIS/Device/ST/STM32F1xx/Include -I../Drivers/CMSIS/Include -O0 -ffunction-sections -fdata-sections -Wall -fstack-usage -MMD -MP -MF"Core/Src/main.d" -MT"Core/Src/main.o" --specs=nano.specs -mfloat-abi=soft -mthumb -o "Core/Src/main.o"
../Core/Src/main.c: In function 'EXTI15_10_IRQHandler':
../Core/Src/main.c:75:19: warning: initialization makes pointer from integer without a cast [-Wint-conversion]
  GPIO_t *PORTB0 = 0x40010C00;
                   ^~~~~~~~~~
../Core/Src/main.c: In function 'main':
../Core/Src/main.c:116:20: warning: initialization makes pointer from integer without a cast [-Wint-conversion]
  GPIO_t *PORTA11 = 0x40010800;
                    ^~~~~~~~~~
../Core/Src/main.c:122:19: warning: initialization makes pointer from integer without a cast [-Wint-conversion]
  GPIO_t *PORTB0 = 0x40010C00;
                   ^~~~~~~~~~
../Core/Src/main.c:129:27: warning: initialization makes pointer from integer without a cast [-Wint-conversion]
  uint32_t *AFIO_EXTICR3 = 0x40010010;
                           ^~~~~~~~~~
../Core/Src/main.c:132:30: warning: initialization makes pointer from integer without a cast [-Wint-conversion]
  EXTI_t *PORTA11_interrupt = 0x40010400;
                              ^~~~~~~~~~
arm-none-eabi-gcc -o "homeword_interrupt.elf" @"objects.list"   -mcpu=cortex-m3 -T"C:\Users\ZBOOK\Documents\cubeide\homeword_interrupt\STM32F103C8TX_FLASH.ld" --specs=nosys.specs -Wl,-Map="homeword_interrupt.map" -Wl,--gc-sections -static --specs=nano.specs -mfloat-abi=soft -mthumb -Wl,--start-group -lc -lm -Wl,--end-group
Finished building target: homeword_interrupt.elf
 
arm-none-eabi-objdump -h -S  homeword_interrupt.elf  > "homeword_interrupt.list"
arm-none-eabi-objcopy  -O binary  homeword_interrupt.elf  "homeword_interrupt.bin"
arm-none-eabi-size   homeword_interrupt.elf 
   text	   data	    bss	    dec	    hex	filename
   3972	     20	   1572	   5564	   15bc	homeword_interrupt.elf
Finished building: default.size.stdout
 
Finished building: homeword_interrupt.bin
 
Finished building: homeword_interrupt.list
 
22:39:20 **** Incremental Build of configuration Debug for project homeword_interrupt ****
make -j8 all 
arm-none-eabi-gcc "../Core/Src/main.c" -mcpu=cortex-m3 -std=gnu11 -g3 -DUSE_HAL_DRIVER -DSTM32F103xB -DDEBUG -c -I../Core/Inc -I../Drivers/STM32F1xx_HAL_Driver/Inc -I../Drivers/STM32F1xx_HAL_Driver/Inc/Legacy -I../Drivers/CMSIS/Device/ST/STM32F1xx/Include -I../Drivers/CMSIS/Include -O0 -ffunction-sections -fdata-sections -Wall -fstack-usage -MMD -MP -MF"Core/Src/main.d" -MT"Core/Src/main.o" --specs=nano.specs -mfloat-abi=soft -mthumb -o "Core/Src/main.o"
../Core/Src/main.c: In function 'EXTI15_10_IRQHandler':
../Core/Src/main.c:75:19: warning: initialization makes pointer from integer without a cast [-Wint-conversion]
  GPIO_t *PORTB0 = 0x40010C00;
                   ^~~~~~~~~~
../Core/Src/main.c: In function 'main':
../Core/Src/main.c:116:20: warning: initialization makes pointer from integer without a cast [-Wint-conversion]
  GPIO_t *PORTA11 = 0x40010800;
                    ^~~~~~~~~~
../Core/Src/main.c:122:19: warning: initialization makes pointer from integer without a cast [-Wint-conversion]
  GPIO_t *PORTB0 = 0x40010C00;
                   ^~~~~~~~~~
../Core/Src/main.c:129:27: warning: initialization makes pointer from integer without a cast [-Wint-conversion]
  uint32_t *AFIO_EXTICR3 = 0x40010010;
                           ^~~~~~~~~~
../Core/Src/main.c:132:30: warning: initialization makes pointer from integer without a cast [-Wint-conversion]
  EXTI_t *PORTA11_interrupt = 0x40010400;
                              ^~~~~~~~~~
arm-none-eabi-gcc -o "homeword_interrupt.elf" @"objects.list"   -mcpu=cortex-m3 -T"C:\Users\ZBOOK\Documents\cubeide\homeword_interrupt\STM32F103C8TX_FLASH.ld" --specs=nosys.specs -Wl,-Map="homeword_interrupt.map" -Wl,--gc-sections -static --specs=nano.specs -mfloat-abi=soft -mthumb -Wl,--start-group -lc -lm -Wl,--end-group
Finished building target: homeword_interrupt.elf
 
arm-none-eabi-objdump -h -S  homeword_interrupt.elf  > "homeword_interrupt.list"
arm-none-eabi-objcopy  -O binary  homeword_interrupt.elf  "homeword_interrupt.bin"
arm-none-eabi-size   homeword_interrupt.elf 
   text	   data	    bss	    dec	    hex	filename
   3972	     20	   1572	   5564	   15bc	homeword_interrupt.elf
Finished building: default.size.stdout
 
Finished building: homeword_interrupt.bin
Finished building: homeword_interrupt.list
 
 
22:40:35 **** Incremental Build of configuration Debug for project homeword_interrupt ****
make -j8 all 
arm-none-eabi-gcc "../Core/Src/main.c" -mcpu=cortex-m3 -std=gnu11 -g3 -DUSE_HAL_DRIVER -DSTM32F103xB -DDEBUG -c -I../Core/Inc -I../Drivers/STM32F1xx_HAL_Driver/Inc -I../Drivers/STM32F1xx_HAL_Driver/Inc/Legacy -I../Drivers/CMSIS/Device/ST/STM32F1xx/Include -I../Drivers/CMSIS/Include -O0 -ffunction-sections -fdata-sections -Wall -fstack-usage -MMD -MP -MF"Core/Src/main.d" -MT"Core/Src/main.o" --specs=nano.specs -mfloat-abi=soft -mthumb -o "Core/Src/main.o"
../Core/Src/main.c: In function 'EXTI15_10_IRQHandler':
../Core/Src/main.c:75:19: warning: initialization makes pointer from integer without a cast [-Wint-conversion]
  GPIO_t *PORTB0 = 0x40010C00;
                   ^~~~~~~~~~
../Core/Src/main.c: In function 'main':
../Core/Src/main.c:116:20: warning: initialization makes pointer from integer without a cast [-Wint-conversion]
  GPIO_t *PORTA11 = 0x40010800;
                    ^~~~~~~~~~
../Core/Src/main.c:122:19: warning: initialization makes pointer from integer without a cast [-Wint-conversion]
  GPIO_t *PORTB0 = 0x40010C00;
                   ^~~~~~~~~~
../Core/Src/main.c:129:27: warning: initialization makes pointer from integer without a cast [-Wint-conversion]
  uint32_t *AFIO_EXTICR3 = 0x40010010;
                           ^~~~~~~~~~
../Core/Src/main.c:132:30: warning: initialization makes pointer from integer without a cast [-Wint-conversion]
  EXTI_t *PORTA11_interrupt = 0x40010400;
                              ^~~~~~~~~~
arm-none-eabi-gcc -o "homeword_interrupt.elf" @"objects.list"   -mcpu=cortex-m3 -T"C:\Users\ZBOOK\Documents\cubeide\homeword_interrupt\STM32F103C8TX_FLASH.ld" --specs=nosys.specs -Wl,-Map="homeword_interrupt.map" -Wl,--gc-sections -static --specs=nano.specs -mfloat-abi=soft -mthumb -Wl,--start-group -lc -lm -Wl,--end-group
Finished building target: homeword_interrupt.elf
 
arm-none-eabi-objdump -h -S  homeword_interrupt.elf  > "homeword_interrupt.list"
arm-none-eabi-objcopy  -O binary  homeword_interrupt.elf  "homeword_interrupt.bin"
arm-none-eabi-size   homeword_interrupt.elf 
   text	   data	    bss	    dec	    hex	filename
   3976	     20	   1572	   5568	   15c0	homeword_interrupt.elf
Finished building: default.size.stdout
 
Finished building: homeword_interrupt.bin
 
Finished building: homeword_interrupt.list
 
22:41:23 **** Incremental Build of configuration Debug for project homeword_interrupt ****
make -j8 all 
arm-none-eabi-gcc "../Core/Src/main.c" -mcpu=cortex-m3 -std=gnu11 -g3 -DUSE_HAL_DRIVER -DSTM32F103xB -DDEBUG -c -I../Core/Inc -I../Drivers/STM32F1xx_HAL_Driver/Inc -I../Drivers/STM32F1xx_HAL_Driver/Inc/Legacy -I../Drivers/CMSIS/Device/ST/STM32F1xx/Include -I../Drivers/CMSIS/Include -O0 -ffunction-sections -fdata-sections -Wall -fstack-usage -MMD -MP -MF"Core/Src/main.d" -MT"Core/Src/main.o" --specs=nano.specs -mfloat-abi=soft -mthumb -o "Core/Src/main.o"
../Core/Src/main.c: In function 'EXTI15_10_IRQHandler':
../Core/Src/main.c:75:19: warning: initialization makes pointer from integer without a cast [-Wint-conversion]
  GPIO_t *PORTB0 = 0x40010C00;
                   ^~~~~~~~~~
../Core/Src/main.c: In function 'main':
../Core/Src/main.c:116:20: warning: initialization makes pointer from integer without a cast [-Wint-conversion]
  GPIO_t *PORTA11 = 0x40010800;
                    ^~~~~~~~~~
../Core/Src/main.c:122:19: warning: initialization makes pointer from integer without a cast [-Wint-conversion]
  GPIO_t *PORTB0 = 0x40010C00;
                   ^~~~~~~~~~
../Core/Src/main.c:129:27: warning: initialization makes pointer from integer without a cast [-Wint-conversion]
  uint32_t *AFIO_EXTICR3 = 0x40010010;
                           ^~~~~~~~~~
../Core/Src/main.c:132:30: warning: initialization makes pointer from integer without a cast [-Wint-conversion]
  EXTI_t *PORTA11_interrupt = 0x40010400;
                              ^~~~~~~~~~
arm-none-eabi-gcc -o "homeword_interrupt.elf" @"objects.list"   -mcpu=cortex-m3 -T"C:\Users\ZBOOK\Documents\cubeide\homeword_interrupt\STM32F103C8TX_FLASH.ld" --specs=nosys.specs -Wl,-Map="homeword_interrupt.map" -Wl,--gc-sections -static --specs=nano.specs -mfloat-abi=soft -mthumb -Wl,--start-group -lc -lm -Wl,--end-group
Finished building target: homeword_interrupt.elf
 
arm-none-eabi-objdump -h -S  homeword_interrupt.elf  > "homeword_interrupt.list"
arm-none-eabi-objcopy  -O binary  homeword_interrupt.elf  "homeword_interrupt.bin"
arm-none-eabi-size   homeword_interrupt.elf 
   text	   data	    bss	    dec	    hex	filename
   4012	     20	   1572	   5604	   15e4	homeword_interrupt.elf
Finished building: default.size.stdout
 
Finished building: homeword_interrupt.bin
Finished building: homeword_interrupt.list
 
 
22:41:55 **** Incremental Build of configuration Debug for project homeword_interrupt ****
make -j8 all 
arm-none-eabi-gcc "../Core/Src/main.c" -mcpu=cortex-m3 -std=gnu11 -g3 -DUSE_HAL_DRIVER -DSTM32F103xB -DDEBUG -c -I../Core/Inc -I../Drivers/STM32F1xx_HAL_Driver/Inc -I../Drivers/STM32F1xx_HAL_Driver/Inc/Legacy -I../Drivers/CMSIS/Device/ST/STM32F1xx/Include -I../Drivers/CMSIS/Include -O0 -ffunction-sections -fdata-sections -Wall -fstack-usage -MMD -MP -MF"Core/Src/main.d" -MT"Core/Src/main.o" --specs=nano.specs -mfloat-abi=soft -mthumb -o "Core/Src/main.o"
../Core/Src/main.c: In function 'EXTI15_10_IRQHandler':
../Core/Src/main.c:75:19: warning: initialization makes pointer from integer without a cast [-Wint-conversion]
  GPIO_t *PORTB0 = 0x40010C00;
                   ^~~~~~~~~~
../Core/Src/main.c: In function 'main':
../Core/Src/main.c:116:20: warning: initialization makes pointer from integer without a cast [-Wint-conversion]
  GPIO_t *PORTA11 = 0x40010800;
                    ^~~~~~~~~~
../Core/Src/main.c:122:19: warning: initialization makes pointer from integer without a cast [-Wint-conversion]
  GPIO_t *PORTB0 = 0x40010C00;
                   ^~~~~~~~~~
../Core/Src/main.c:129:27: warning: initialization makes pointer from integer without a cast [-Wint-conversion]
  uint32_t *AFIO_EXTICR3 = 0x40010010;
                           ^~~~~~~~~~
../Core/Src/main.c:132:30: warning: initialization makes pointer from integer without a cast [-Wint-conversion]
  EXTI_t *PORTA11_interrupt = 0x40010400;
                              ^~~~~~~~~~
arm-none-eabi-gcc -o "homeword_interrupt.elf" @"objects.list"   -mcpu=cortex-m3 -T"C:\Users\ZBOOK\Documents\cubeide\homeword_interrupt\STM32F103C8TX_FLASH.ld" --specs=nosys.specs -Wl,-Map="homeword_interrupt.map" -Wl,--gc-sections -static --specs=nano.specs -mfloat-abi=soft -mthumb -Wl,--start-group -lc -lm -Wl,--end-group
Finished building target: homeword_interrupt.elf
 
arm-none-eabi-objdump -h -S  homeword_interrupt.elf  > "homeword_interrupt.list"
arm-none-eabi-objcopy  -O binary  homeword_interrupt.elf  "homeword_interrupt.bin"
arm-none-eabi-size   homeword_interrupt.elf 
   text	   data	    bss	    dec	    hex	filename
   3972	     20	   1572	   5564	   15bc	homeword_interrupt.elf
Finished building: default.size.stdout
 
Finished building: homeword_interrupt.bin
 
Finished building: homeword_interrupt.list
 
22:45:40 **** Incremental Build of configuration Debug for project homeword_interrupt ****
make -j8 all 
arm-none-eabi-gcc "../Core/Src/main.c" -mcpu=cortex-m3 -std=gnu11 -g3 -DUSE_HAL_DRIVER -DSTM32F103xB -DDEBUG -c -I../Core/Inc -I../Drivers/STM32F1xx_HAL_Driver/Inc -I../Drivers/STM32F1xx_HAL_Driver/Inc/Legacy -I../Drivers/CMSIS/Device/ST/STM32F1xx/Include -I../Drivers/CMSIS/Include -O0 -ffunction-sections -fdata-sections -Wall -fstack-usage -MMD -MP -MF"Core/Src/main.d" -MT"Core/Src/main.o" --specs=nano.specs -mfloat-abi=soft -mthumb -o "Core/Src/main.o"
../Core/Src/main.c: In function 'EXTI15_10_IRQHandler':
../Core/Src/main.c:75:19: warning: initialization makes pointer from integer without a cast [-Wint-conversion]
  GPIO_t *PORTB0 = 0x40010C00;
                   ^~~~~~~~~~
../Core/Src/main.c: In function 'main':
../Core/Src/main.c:116:20: warning: initialization makes pointer from integer without a cast [-Wint-conversion]
  GPIO_t *PORTA11 = 0x40010800;
                    ^~~~~~~~~~
../Core/Src/main.c:122:19: warning: initialization makes pointer from integer without a cast [-Wint-conversion]
  GPIO_t *PORTB0 = 0x40010C00;
                   ^~~~~~~~~~
../Core/Src/main.c:129:27: warning: initialization makes pointer from integer without a cast [-Wint-conversion]
  uint32_t *AFIO_EXTICR3 = 0x40010010;
                           ^~~~~~~~~~
../Core/Src/main.c:132:30: warning: initialization makes pointer from integer without a cast [-Wint-conversion]
  EXTI_t *PORTA11_interrupt = 0x40010400;
                              ^~~~~~~~~~
arm-none-eabi-gcc -o "homeword_interrupt.elf" @"objects.list"   -mcpu=cortex-m3 -T"C:\Users\ZBOOK\Documents\cubeide\homeword_interrupt\STM32F103C8TX_FLASH.ld" --specs=nosys.specs -Wl,-Map="homeword_interrupt.map" -Wl,--gc-sections -static --specs=nano.specs -mfloat-abi=soft -mthumb -Wl,--start-group -lc -lm -Wl,--end-group
Finished building target: homeword_interrupt.elf
 
arm-none-eabi-objdump -h -S  homeword_interrupt.elf  > "homeword_interrupt.list"
arm-none-eabi-objcopy  -O binary  homeword_interrupt.elf  "homeword_interrupt.bin"
arm-none-eabi-size   homeword_interrupt.elf 
   text	   data	    bss	    dec	    hex	filename
   3984	     20	   1572	   5576	   15c8	homeword_interrupt.elf
Finished building: default.size.stdout
 
Finished building: homeword_interrupt.bin
 
Finished building: homeword_interrupt.list
 
22:46:03 **** Incremental Build of configuration Debug for project homeword_interrupt ****
make -j8 all 
arm-none-eabi-gcc "../Core/Src/main.c" -mcpu=cortex-m3 -std=gnu11 -g3 -DUSE_HAL_DRIVER -DSTM32F103xB -DDEBUG -c -I../Core/Inc -I../Drivers/STM32F1xx_HAL_Driver/Inc -I../Drivers/STM32F1xx_HAL_Driver/Inc/Legacy -I../Drivers/CMSIS/Device/ST/STM32F1xx/Include -I../Drivers/CMSIS/Include -O0 -ffunction-sections -fdata-sections -Wall -fstack-usage -MMD -MP -MF"Core/Src/main.d" -MT"Core/Src/main.o" --specs=nano.specs -mfloat-abi=soft -mthumb -o "Core/Src/main.o"
../Core/Src/main.c: In function 'EXTI15_10_IRQHandler':
../Core/Src/main.c:75:19: warning: initialization makes pointer from integer without a cast [-Wint-conversion]
  GPIO_t *PORTB0 = 0x40010C00;
                   ^~~~~~~~~~
../Core/Src/main.c: In function 'main':
../Core/Src/main.c:116:20: warning: initialization makes pointer from integer without a cast [-Wint-conversion]
  GPIO_t *PORTA11 = 0x40010800;
                    ^~~~~~~~~~
../Core/Src/main.c:122:19: warning: initialization makes pointer from integer without a cast [-Wint-conversion]
  GPIO_t *PORTB0 = 0x40010C00;
                   ^~~~~~~~~~
../Core/Src/main.c:129:27: warning: initialization makes pointer from integer without a cast [-Wint-conversion]
  uint32_t *AFIO_EXTICR3 = 0x40010010;
                           ^~~~~~~~~~
../Core/Src/main.c:132:30: warning: initialization makes pointer from integer without a cast [-Wint-conversion]
  EXTI_t *PORTA11_interrupt = 0x40010400;
                              ^~~~~~~~~~
arm-none-eabi-gcc -o "homeword_interrupt.elf" @"objects.list"   -mcpu=cortex-m3 -T"C:\Users\ZBOOK\Documents\cubeide\homeword_interrupt\STM32F103C8TX_FLASH.ld" --specs=nosys.specs -Wl,-Map="homeword_interrupt.map" -Wl,--gc-sections -static --specs=nano.specs -mfloat-abi=soft -mthumb -Wl,--start-group -lc -lm -Wl,--end-group
Finished building target: homeword_interrupt.elf
 
arm-none-eabi-objdump -h -S  homeword_interrupt.elf  > "homeword_interrupt.list"
arm-none-eabi-objcopy  -O binary  homeword_interrupt.elf  "homeword_interrupt.bin"
arm-none-eabi-size   homeword_interrupt.elf 
   text	   data	    bss	    dec	    hex	filename
   3984	     20	   1572	   5576	   15c8	homeword_interrupt.elf
Finished building: default.size.stdout
 
Finished building: homeword_interrupt.bin
 
Finished building: homeword_interrupt.list
 
22:46:14 **** Incremental Build of configuration Debug for project homeword_interrupt ****
make -j8 all 
arm-none-eabi-size   homeword_interrupt.elf 
   text	   data	    bss	    dec	    hex	filename
   3984	     20	   1572	   5576	   15c8	homeword_interrupt.elf
Finished building: default.size.stdout
 
22:49:09 **** Incremental Build of configuration Debug for project homeword_interrupt ****
make -j8 all 
arm-none-eabi-gcc "../Core/Src/main.c" -mcpu=cortex-m3 -std=gnu11 -g3 -DUSE_HAL_DRIVER -DSTM32F103xB -DDEBUG -c -I../Core/Inc -I../Drivers/STM32F1xx_HAL_Driver/Inc -I../Drivers/STM32F1xx_HAL_Driver/Inc/Legacy -I../Drivers/CMSIS/Device/ST/STM32F1xx/Include -I../Drivers/CMSIS/Include -O0 -ffunction-sections -fdata-sections -Wall -fstack-usage -MMD -MP -MF"Core/Src/main.d" -MT"Core/Src/main.o" --specs=nano.specs -mfloat-abi=soft -mthumb -o "Core/Src/main.o"
../Core/Src/main.c: In function 'EXTI15_10_IRQHandler':
../Core/Src/main.c:75:19: warning: initialization makes pointer from integer without a cast [-Wint-conversion]
  GPIO_t *PORTB0 = 0x40010C00;
                   ^~~~~~~~~~
../Core/Src/main.c: In function 'main':
../Core/Src/main.c:116:20: warning: initialization makes pointer from integer without a cast [-Wint-conversion]
  GPIO_t *PORTA11 = 0x40010800;
                    ^~~~~~~~~~
../Core/Src/main.c:122:19: warning: initialization makes pointer from integer without a cast [-Wint-conversion]
  GPIO_t *PORTB0 = 0x40010C00;
                   ^~~~~~~~~~
../Core/Src/main.c:129:27: warning: initialization makes pointer from integer without a cast [-Wint-conversion]
  uint32_t *AFIO_EXTICR3 = 0x40010010;
                           ^~~~~~~~~~
../Core/Src/main.c:132:30: warning: initialization makes pointer from integer without a cast [-Wint-conversion]
  EXTI_t *PORTA11_interrupt = 0x40010400;
                              ^~~~~~~~~~
arm-none-eabi-gcc -o "homeword_interrupt.elf" @"objects.list"   -mcpu=cortex-m3 -T"C:\Users\ZBOOK\Documents\cubeide\homeword_interrupt\STM32F103C8TX_FLASH.ld" --specs=nosys.specs -Wl,-Map="homeword_interrupt.map" -Wl,--gc-sections -static --specs=nano.specs -mfloat-abi=soft -mthumb -Wl,--start-group -lc -lm -Wl,--end-group
Finished building target: homeword_interrupt.elf
 
arm-none-eabi-objdump -h -S  homeword_interrupt.elf  > "homeword_interrupt.list"
arm-none-eabi-objcopy  -O binary  homeword_interrupt.elf  "homeword_interrupt.bin"
arm-none-eabi-size   homeword_interrupt.elf 
   text	   data	    bss	    dec	    hex	filename
   3984	     20	   1572	   5576	   15c8	homeword_interrupt.elf
Finished building: default.size.stdout
 
Finished building: homeword_interrupt.bin
 
Finished building: homeword_interrupt.list
 
22:49:28 **** Incremental Build of configuration Debug for project homeword_interrupt ****
make -j8 all 
arm-none-eabi-gcc "../Core/Src/main.c" -mcpu=cortex-m3 -std=gnu11 -g3 -DUSE_HAL_DRIVER -DSTM32F103xB -DDEBUG -c -I../Core/Inc -I../Drivers/STM32F1xx_HAL_Driver/Inc -I../Drivers/STM32F1xx_HAL_Driver/Inc/Legacy -I../Drivers/CMSIS/Device/ST/STM32F1xx/Include -I../Drivers/CMSIS/Include -O0 -ffunction-sections -fdata-sections -Wall -fstack-usage -MMD -MP -MF"Core/Src/main.d" -MT"Core/Src/main.o" --specs=nano.specs -mfloat-abi=soft -mthumb -o "Core/Src/main.o"
../Core/Src/main.c: In function 'EXTI15_10_IRQHandler':
../Core/Src/main.c:75:19: warning: initialization makes pointer from integer without a cast [-Wint-conversion]
  GPIO_t *PORTB0 = 0x40010C00;
                   ^~~~~~~~~~
../Core/Src/main.c: In function 'main':
../Core/Src/main.c:116:20: warning: initialization makes pointer from integer without a cast [-Wint-conversion]
  GPIO_t *PORTA11 = 0x40010800;
                    ^~~~~~~~~~
../Core/Src/main.c:122:19: warning: initialization makes pointer from integer without a cast [-Wint-conversion]
  GPIO_t *PORTB0 = 0x40010C00;
                   ^~~~~~~~~~
../Core/Src/main.c:129:27: warning: initialization makes pointer from integer without a cast [-Wint-conversion]
  uint32_t *AFIO_EXTICR3 = 0x40010010;
                           ^~~~~~~~~~
../Core/Src/main.c:132:30: warning: initialization makes pointer from integer without a cast [-Wint-conversion]
  EXTI_t *PORTA11_interrupt = 0x40010400;
                              ^~~~~~~~~~
arm-none-eabi-gcc -o "homeword_interrupt.elf" @"objects.list"   -mcpu=cortex-m3 -T"C:\Users\ZBOOK\Documents\cubeide\homeword_interrupt\STM32F103C8TX_FLASH.ld" --specs=nosys.specs -Wl,-Map="homeword_interrupt.map" -Wl,--gc-sections -static --specs=nano.specs -mfloat-abi=soft -mthumb -Wl,--start-group -lc -lm -Wl,--end-group
Finished building target: homeword_interrupt.elf
 
arm-none-eabi-objdump -h -S  homeword_interrupt.elf  > "homeword_interrupt.list"
arm-none-eabi-objcopy  -O binary  homeword_interrupt.elf  "homeword_interrupt.bin"
arm-none-eabi-size   homeword_interrupt.elf 
   text	   data	    bss	    dec	    hex	filename
   3984	     20	   1572	   5576	   15c8	homeword_interrupt.elf
Finished building: default.size.stdout
 
Finished building: homeword_interrupt.bin
 
Finished building: homeword_interrupt.list
 
22:50:03 **** Incremental Build of configuration Debug for project homeword_interrupt ****
make -j8 all 
arm-none-eabi-gcc "../Core/Src/main.c" -mcpu=cortex-m3 -std=gnu11 -g3 -DUSE_HAL_DRIVER -DSTM32F103xB -DDEBUG -c -I../Core/Inc -I../Drivers/STM32F1xx_HAL_Driver/Inc -I../Drivers/STM32F1xx_HAL_Driver/Inc/Legacy -I../Drivers/CMSIS/Device/ST/STM32F1xx/Include -I../Drivers/CMSIS/Include -O0 -ffunction-sections -fdata-sections -Wall -fstack-usage -MMD -MP -MF"Core/Src/main.d" -MT"Core/Src/main.o" --specs=nano.specs -mfloat-abi=soft -mthumb -o "Core/Src/main.o"
../Core/Src/main.c: In function 'EXTI15_10_IRQHandler':
../Core/Src/main.c:75:19: warning: initialization makes pointer from integer without a cast [-Wint-conversion]
  GPIO_t *PORTB0 = 0x40010C00;
                   ^~~~~~~~~~
../Core/Src/main.c: In function 'main':
../Core/Src/main.c:116:20: warning: initialization makes pointer from integer without a cast [-Wint-conversion]
  GPIO_t *PORTA11 = 0x40010800;
                    ^~~~~~~~~~
../Core/Src/main.c:122:19: warning: initialization makes pointer from integer without a cast [-Wint-conversion]
  GPIO_t *PORTB0 = 0x40010C00;
                   ^~~~~~~~~~
../Core/Src/main.c:129:27: warning: initialization makes pointer from integer without a cast [-Wint-conversion]
  uint32_t *AFIO_EXTICR3 = 0x40010010;
                           ^~~~~~~~~~
../Core/Src/main.c:132:30: warning: initialization makes pointer from integer without a cast [-Wint-conversion]
  EXTI_t *PORTA11_interrupt = 0x40010400;
                              ^~~~~~~~~~
arm-none-eabi-gcc -o "homeword_interrupt.elf" @"objects.list"   -mcpu=cortex-m3 -T"C:\Users\ZBOOK\Documents\cubeide\homeword_interrupt\STM32F103C8TX_FLASH.ld" --specs=nosys.specs -Wl,-Map="homeword_interrupt.map" -Wl,--gc-sections -static --specs=nano.specs -mfloat-abi=soft -mthumb -Wl,--start-group -lc -lm -Wl,--end-group
Finished building target: homeword_interrupt.elf
 
arm-none-eabi-objdump -h -S  homeword_interrupt.elf  > "homeword_interrupt.list"
arm-none-eabi-objcopy  -O binary  homeword_interrupt.elf  "homeword_interrupt.bin"
arm-none-eabi-size   homeword_interrupt.elf 
   text	   data	    bss	    dec	    hex	filename
   3984	     20	   1572	   5576	   15c8	homeword_interrupt.elf
Finished building: default.size.stdout
 
Finished building: homeword_interrupt.bin
 
Finished building: homeword_interrupt.list
 
