17:33:50 **** Incremental Build of configuration Debug for project HOMEWORK_PWM_TIMER ****
make -j8 all 
arm-none-eabi-gcc "../Core/Src/main.c" -mcpu=cortex-m3 -std=gnu11 -g3 -DUSE_HAL_DRIVER -DSTM32F103xB -DDEBUG -c -I../Core/Inc -I../Drivers/STM32F1xx_HAL_Driver/Inc -I../Drivers/STM32F1xx_HAL_Driver/Inc/Legacy -I../Drivers/CMSIS/Device/ST/STM32F1xx/Include -I../Drivers/CMSIS/Include -O0 -ffunction-sections -fdata-sections -Wall -fstack-usage -MMD -MP -MF"Core/Src/main.d" -MT"Core/Src/main.o" --specs=nano.specs -mfloat-abi=soft -mthumb -o "Core/Src/main.o"
../Core/Src/main.c:6:17: warning: initialization makes pointer from integer without a cast [-Wint-conversion]
 RCC_t *MY_RCC = 0x40021000;
                 ^~~~~~~~~~
../Core/Src/main.c:7:21: warning: initialization makes pointer from integer without a cast [-Wint-conversion]
 GPIO_t *MY_GPIO_B = 0x40010c00;
                     ^~~~~~~~~~
arm-none-eabi-gcc -o "HOMEWORK_PWM_TIMER.elf" @"objects.list"   -mcpu=cortex-m3 -T"C:\Users\ZBOOK\Documents\cubeide\HOMEWORK_PWM_TIMER\STM32F103C8TX_FLASH.ld" --specs=nosys.specs -Wl,-Map="HOMEWORK_PWM_TIMER.map" -Wl,--gc-sections -static --specs=nano.specs -mfloat-abi=soft -mthumb -Wl,--start-group -lc -lm -Wl,--end-group
Finished building target: HOMEWORK_PWM_TIMER.elf
 
arm-none-eabi-objdump -h -S  HOMEWORK_PWM_TIMER.elf  > "HOMEWORK_PWM_TIMER.list"
arm-none-eabi-objcopy  -O binary  HOMEWORK_PWM_TIMER.elf  "HOMEWORK_PWM_TIMER.bin"
arm-none-eabi-size   HOMEWORK_PWM_TIMER.elf 
   text	   data	    bss	    dec	    hex	filename
   1488	     20	   1572	   3080	    c08	HOMEWORK_PWM_TIMER.elf
Finished building: default.size.stdout
 
Finished building: HOMEWORK_PWM_TIMER.bin
Finished building: HOMEWORK_PWM_TIMER.list
 
 

17:33:51 Build Finished. 0 errors, 2 warnings. (took 1s.195ms)

