20:01:40 **** Incremental Build of configuration Debug for project homework_usart ****
make -j8 all 
arm-none-eabi-gcc "../Core/Src/main.c" -mcpu=cortex-m3 -std=gnu11 -g3 -DUSE_HAL_DRIVER -DSTM32F103xB -DDEBUG -c -I../Core/Inc -I../Drivers/STM32F1xx_HAL_Driver/Inc -I../Drivers/STM32F1xx_HAL_Driver/Inc/Legacy -I../Drivers/CMSIS/Device/ST/STM32F1xx/Include -I../Drivers/CMSIS/Include -O0 -ffunction-sections -fdata-sections -Wall -fstack-usage -MMD -MP -MF"Core/Src/main.d" -MT"Core/Src/main.o" --specs=nano.specs -mfloat-abi=soft -mthumb -o "Core/Src/main.o"
../Core/Src/main.c:83:23: warning: initialization makes pointer from integer without a cast [-Wint-conversion]
 myUSART_t *myUSART1 = 0x40013800;
                       ^~~~~~~~~~
../Core/Src/main.c:84:16: warning: initialization makes pointer from integer without a cast [-Wint-conversion]
 GPIO_t *PINA = 0x40010800;
                ^~~~~~~~~~
../Core/Src/main.c:85:16: warning: initialization makes pointer from integer without a cast [-Wint-conversion]
 RCC_t *myRCC = 0x40021000;
                ^~~~~~~~~~
../Core/Src/main.c: In function 'my_usartInit_interrupt':
../Core/Src/main.c:114:25: warning: initialization makes pointer from integer without a cast [-Wint-conversion]
  uint32_t *NVIC_ISER0 = 0xE000E104;
                         ^~~~~~~~~~
../Core/Src/main.c: In function 'USART1_IRQHandler':
../Core/Src/main.c:126:26: warning: initialization makes pointer from integer without a cast [-Wint-conversion]
   uint32_t *NVIC_ISPR0 = 0XE000E204;
                          ^~~~~~~~~~
arm-none-eabi-gcc -o "homework_usart.elf" @"objects.list"   -mcpu=cortex-m3 -T"C:\Users\ZBOOK\Documents\cubeide\homework_usart\STM32F103C8TX_FLASH.ld" --specs=nosys.specs -Wl,-Map="homework_usart.map" -Wl,--gc-sections -static --specs=nano.specs -mfloat-abi=soft -mthumb -Wl,--start-group -lc -lm -Wl,--end-group
Finished building target: homework_usart.elf
 
arm-none-eabi-objdump -h -S  homework_usart.elf  > "homework_usart.list"
arm-none-eabi-objcopy  -O binary  homework_usart.elf  "homework_usart.bin"
arm-none-eabi-size   homework_usart.elf 
   text	   data	    bss	    dec	    hex	filename
   4004	     32	   1576	   5612	   15ec	homework_usart.elf
Finished building: default.size.stdout
 
Finished building: homework_usart.bin
 
Finished building: homework_usart.list
 

20:01:41 Build Finished. 0 errors, 5 warnings. (took 1s.340ms)

