22:50:03 **** Incremental Build of configuration Debug for project homeword_interrupt ****
make -j8 all 
arm-none-eabi-gcc "../Core/Src/main.c" -mcpu=cortex-m3 -std=gnu11 -g3 -DUSE_HAL_DRIVER -DSTM32F103xB -DDEBUG -c -I../Core/Inc -I../Drivers/STM32F1xx_HAL_Driver/Inc -I../Drivers/STM32F1xx_HAL_Driver/Inc/Legacy -I../Drivers/CMSIS/Device/ST/STM32F1xx/Include -I../Drivers/CMSIS/Include -O0 -ffunction-sections -fdata-sections -Wall -fstack-usage -MMD -MP -MF"Core/Src/main.d" -MT"Core/Src/main.o" --specs=nano.specs -mfloat-abi=soft -mthumb -o "Core/Src/main.o"
../Core/Src/main.c: In function 'EXTI15_10_IRQHandler':
../Core/Src/main.c:75:19: warning: initialization makes pointer from integer without a cast [-Wint-conversion]
  GPIO_t *PORTB0 = 0x40010C00;
                   ^~~~~~~~~~
../Core/Src/main.c: In function 'main':
../Core/Src/main.c:116:20: warning: initialization makes pointer from integer without a cast [-Wint-conversion]
  GPIO_t *PORTA11 = 0x40010800;
                    ^~~~~~~~~~
../Core/Src/main.c:122:19: warning: initialization makes pointer from integer without a cast [-Wint-conversion]
  GPIO_t *PORTB0 = 0x40010C00;
                   ^~~~~~~~~~
../Core/Src/main.c:129:27: warning: initialization makes pointer from integer without a cast [-Wint-conversion]
  uint32_t *AFIO_EXTICR3 = 0x40010010;
                           ^~~~~~~~~~
../Core/Src/main.c:132:30: warning: initialization makes pointer from integer without a cast [-Wint-conversion]
  EXTI_t *PORTA11_interrupt = 0x40010400;
                              ^~~~~~~~~~
arm-none-eabi-gcc -o "homeword_interrupt.elf" @"objects.list"   -mcpu=cortex-m3 -T"C:\Users\ZBOOK\Documents\cubeide\homeword_interrupt\STM32F103C8TX_FLASH.ld" --specs=nosys.specs -Wl,-Map="homeword_interrupt.map" -Wl,--gc-sections -static --specs=nano.specs -mfloat-abi=soft -mthumb -Wl,--start-group -lc -lm -Wl,--end-group
Finished building target: homeword_interrupt.elf
 
arm-none-eabi-objdump -h -S  homeword_interrupt.elf  > "homeword_interrupt.list"
arm-none-eabi-objcopy  -O binary  homeword_interrupt.elf  "homeword_interrupt.bin"
arm-none-eabi-size   homeword_interrupt.elf 
   text	   data	    bss	    dec	    hex	filename
   3984	     20	   1572	   5576	   15c8	homeword_interrupt.elf
Finished building: default.size.stdout
 
Finished building: homeword_interrupt.bin
 
Finished building: homeword_interrupt.list
 

22:50:04 Build Finished. 0 errors, 5 warnings. (took 796ms)

